[    1634ms] [LOG] [Framer On-Page Editing] Unavailable because site is embedded in iframe @ https://framer.com/edit/init.mjs:33
[    2822ms] [ERROR] Permissions policy violation: encrypted-media is not allowed in this document. @ https://embed-cdn.spotifycdn.com/_next/static/chunks/5039.a54f1bd47316601a.js:0
[    2823ms] [WARNING] Encrypted Media access has been blocked because of a Feature Policy applied to the current document. See https://crbug.com/414348233 for more details. @ https://embed-cdn.spotifycdn.com/_next/static/chunks/5039.a54f1bd47316601a.js:0
[    2823ms] [ERROR] Permissions policy violation: encrypted-media is not allowed in this document. @ https://embed-cdn.spotifycdn.com/_next/static/chunks/5039.a54f1bd47316601a.js:0
[    2823ms] [WARNING] Encrypted Media access has been blocked because of a Feature Policy applied to the current document. See https://crbug.com/414348233 for more details. @ https://embed-cdn.spotifycdn.com/_next/static/chunks/5039.a54f1bd47316601a.js:0
[    2823ms] [ERROR] Permissions policy violation: encrypted-media is not allowed in this document. @ https://embed-cdn.spotifycdn.com/_next/static/chunks/5039.a54f1bd47316601a.js:0
[    2823ms] [WARNING] Encrypted Media access has been blocked because of a Feature Policy applied to the current document. See https://crbug.com/414348233 for more details. @ https://embed-cdn.spotifycdn.com/_next/static/chunks/5039.a54f1bd47316601a.js:0
[    2824ms] [ERROR] Permissions policy violation: encrypted-media is not allowed in this document. @ https://embed-cdn.spotifycdn.com/_next/static/chunks/5039.a54f1bd47316601a.js:0
[    2824ms] [WARNING] Encrypted Media access has been blocked because of a Feature Policy applied to the current document. See https://crbug.com/414348233 for more details. @ https://embed-cdn.spotifycdn.com/_next/static/chunks/5039.a54f1bd47316601a.js:0
[    2824ms] [ERROR] Permissions policy violation: encrypted-media is not allowed in this document. @ https://embed-cdn.spotifycdn.com/_next/static/chunks/5039.a54f1bd47316601a.js:0
[    2824ms] [WARNING] Encrypted Media access has been blocked because of a Feature Policy applied to the current document. See https://crbug.com/414348233 for more details. @ https://embed-cdn.spotifycdn.com/_next/static/chunks/5039.a54f1bd47316601a.js:0
[    2824ms] [ERROR] Permissions policy violation: encrypted-media is not allowed in this document. @ https://embed-cdn.spotifycdn.com/_next/static/chunks/5039.a54f1bd47316601a.js:0
[    2824ms] [WARNING] Encrypted Media access has been blocked because of a Feature Policy applied to the current document. See https://crbug.com/414348233 for more details. @ https://embed-cdn.spotifycdn.com/_next/static/chunks/5039.a54f1bd47316601a.js:0
[    2824ms] [ERROR] Permissions policy violation: encrypted-media is not allowed in this document. @ https://embed-cdn.spotifycdn.com/_next/static/chunks/5039.a54f1bd47316601a.js:0
[    2824ms] [WARNING] Encrypted Media access has been blocked because of a Feature Policy applied to the current document. See https://crbug.com/414348233 for more details. @ https://embed-cdn.spotifycdn.com/_next/static/chunks/5039.a54f1bd47316601a.js:0
[    2826ms] [ERROR] Permissions policy violation: encrypted-media is not allowed in this document. @ https://embed-cdn.spotifycdn.com/_next/static/chunks/5039.a54f1bd47316601a.js:0
[    2826ms] [WARNING] Encrypted Media access has been blocked because of a Feature Policy applied to the current document. See https://crbug.com/414348233 for more details. @ https://embed-cdn.spotifycdn.com/_next/static/chunks/5039.a54f1bd47316601a.js:0
[    2826ms] [ERROR] Permissions policy violation: encrypted-media is not allowed in this document. @ https://embed-cdn.spotifycdn.com/_next/static/chunks/5039.a54f1bd47316601a.js:0
[    2826ms] [WARNING] Encrypted Media access has been blocked because of a Feature Policy applied to the current document. See https://crbug.com/414348233 for more details. @ https://embed-cdn.spotifycdn.com/_next/static/chunks/5039.a54f1bd47316601a.js:0
[    2826ms] [ERROR] Permissions policy violation: encrypted-media is not allowed in this document. @ https://embed-cdn.spotifycdn.com/_next/static/chunks/5039.a54f1bd47316601a.js:0
[    2826ms] [WARNING] Encrypted Media access has been blocked because of a Feature Policy applied to the current document. See https://crbug.com/414348233 for more details. @ https://embed-cdn.spotifycdn.com/_next/static/chunks/5039.a54f1bd47316601a.js:0
[    2826ms] [ERROR] Permissions policy violation: encrypted-media is not allowed in this document. @ https://embed-cdn.spotifycdn.com/_next/static/chunks/5039.a54f1bd47316601a.js:0
[    2826ms] [WARNING] Encrypted Media access has been blocked because of a Feature Policy applied to the current document. See https://crbug.com/414348233 for more details. @ https://embed-cdn.spotifycdn.com/_next/static/chunks/5039.a54f1bd47316601a.js:0
[    2827ms] [ERROR] Permissions policy violation: encrypted-media is not allowed in this document. @ https://embed-cdn.spotifycdn.com/_next/static/chunks/5039.a54f1bd47316601a.js:0
[    2827ms] [WARNING] Encrypted Media access has been blocked because of a Feature Policy applied to the current document. See https://crbug.com/414348233 for more details. @ https://embed-cdn.spotifycdn.com/_next/static/chunks/5039.a54f1bd47316601a.js:0
[    2827ms] [ERROR] Permissions policy violation: encrypted-media is not allowed in this document. @ https://embed-cdn.spotifycdn.com/_next/static/chunks/5039.a54f1bd47316601a.js:0
[    2827ms] [WARNING] Encrypted Media access has been blocked because of a Feature Policy applied to the current document. See https://crbug.com/414348233 for more details. @ https://embed-cdn.spotifycdn.com/_next/static/chunks/5039.a54f1bd47316601a.js:0
[    2827ms] [ERROR] Permissions policy violation: encrypted-media is not allowed in this document. @ https://embed-cdn.spotifycdn.com/_next/static/chunks/5039.a54f1bd47316601a.js:0
[    2827ms] [WARNING] Encrypted Media access has been blocked because of a Feature Policy applied to the current document. See https://crbug.com/414348233 for more details. @ https://embed-cdn.spotifycdn.com/_next/static/chunks/5039.a54f1bd47316601a.js:0
[   10638ms] [WARNING] Ignoring Event: localhost @ https://plausible.io/js/script.js:0
[   10644ms] [ERROR] [Vue warn]: Error in mounted hook: "ReferenceError: Waves is not defined"

found in

---> <Ribbons> at src/components/Ribbons.vue
       <Desktop> at src/components/desktop/Desktop.vue
         <Screen> at src/views/Screen.vue
           <App> at src/App.vue
             <Root> @ webpack-internal:///./node_modules/.pnpm/vue@2.7.16/node_modules/vue/dist/vue.runtime.esm.js:4661
[   10644ms] [ERROR] ReferenceError: Waves is not defined
    at VueComponent.createRibbons (webpack-internal:///./node_modules/.pnpm/cache-loader@4.1.0_webpack@4.47.0/node_modules/cache-loader/dist/cjs.js?!./node_modules/.pnpm/babel-loader@8.4.1_@babel+core@7.29.0_webpack@4.47.0/node_modules/babel-loader/lib/index.js!./node_modules/.pnpm/cache-loader@4.1.0_webpack@4.47.0/node_modules/cache-loader/dist/cjs.js?!./node_modules/.pnpm/vue-loader@15.11.1_@vue+compiler-sfc@3.5.31_cache-loader@4.1.0_webpack@4.47.0__css-load_96f0868f9f114531bdcfa48c322cb453/node_modules/vue-loader/lib/index.js?!./src/components/Ribbons.vue?vue&type=script&lang=js:42:7)
    at VueComponent.mounted (webpack-internal:///./node_modules/.pnpm/cache-loader@4.1.0_webpack@4.47.0/node_modules/cache-loader/dist/cjs.js?!./node_modules/.pnpm/babel-loader@8.4.1_@babel+core@7.29.0_webpack@4.47.0/node_modules/babel-loader/lib/index.js!./node_modules/.pnpm/cache-loader@4.1.0_webpack@4.47.0/node_modules/cache-loader/dist/cjs.js?!./node_modules/.pnpm/vue-loader@15.11.1_@vue+compiler-sfc@3.5.31_cache-loader@4.1.0_webpack@4.47.0__css-load_96f0868f9f114531bdcfa48c322cb453/node_modules/vue-loader/lib/index.js?!./src/components/Ribbons.vue?vue&type=script&lang=js:7:10)
    at invokeWithErrorHandling (webpack-internal:///./node_modules/.pnpm/vue@2.7.16/node_modules/vue/dist/vue.runtime.esm.js:3072:61)
    at callHook$1 (webpack-internal:///./node_modules/.pnpm/vue@2.7.16/node_modules/vue/dist/vue.runtime.esm.js:4087:13)
    at Object.insert (webpack-internal:///./node_modules/.pnpm/vue@2.7.16/node_modules/vue/dist/vue.runtime.esm.js:4480:13)
    at invokeInsertHook (webpack-internal:///./node_modules/.pnpm/vue@2.7.16/node_modules/vue/dist/vue.runtime.esm.js:6999:38)
    at VueComponent.patch [as __patch__] (webpack-internal:///./node_modules/.pnpm/vue@2.7.16/node_modules/vue/dist/vue.runtime.esm.js:7213:9)
    at Vue._update (webpack-internal:///./node_modules/.pnpm/vue@2.7.16/node_modules/vue/dist/vue.runtime.esm.js:3824:25)
    at VueComponent.updateComponent (webpack-internal:///./node_modules/.pnpm/vue@2.7.16/node_modules/vue/dist/vue.runtime.esm.js:3930:16)
    at Watcher.get (webpack-internal:///./node_modules/.pnpm/vue@2.7.16/node_modules/vue/dist/vue.runtime.esm.js:3501:33) @ webpack-internal:///./node_modules/.pnpm/vue@2.7.16/node_modules/vue/dist/vue.runtime.esm.js:3103
[   10644ms] [LOG] hostname [localhost] @ webpack-internal:///./node_modules/.pnpm/cache-loader@4.1.0_webpack@4.47.0/node_modules/cache-loader/dist/cjs.js?!./node_modules/.pnpm/babel-loader@8.4.1_@babel+core@7.29.0_webpack@4.47.0/node_modules/babel-loader/lib/index.js!./node_modules/.pnpm/cache-loader@4.1.0_webpack@4.47.0/node_modules/cache-loader/dist/cjs.js?!./node_modules/.pnpm/vue-loader@15.11.1_@vue+compiler-sfc@3.5.31_cache-loader@4.1.0_webpack@4.47.0__css-load_96f0868f9f114531bdcfa48c322cb453/node_modules/vue-loader/lib/index.js?!./src/components/desktop/Desktop.vue?vue&type=script&lang=js:194
[   10644ms] [LOG] subdomain null @ webpack-internal:///./node_modules/.pnpm/cache-loader@4.1.0_webpack@4.47.0/node_modules/cache-loader/dist/cjs.js?!./node_modules/.pnpm/babel-loader@8.4.1_@babel+core@7.29.0_webpack@4.47.0/node_modules/babel-loader/lib/index.js!./node_modules/.pnpm/cache-loader@4.1.0_webpack@4.47.0/node_modules/cache-loader/dist/cjs.js?!./node_modules/.pnpm/vue-loader@15.11.1_@vue+compiler-sfc@3.5.31_cache-loader@4.1.0_webpack@4.47.0__css-load_96f0868f9f114531bdcfa48c322cb453/node_modules/vue-loader/lib/index.js?!./src/components/desktop/Desktop.vue?vue&type=script&lang=js:196
[   10649ms] [LOG] %c[Vercel Web Analytics]%c [view] http://localhost:8091/desktop color: rgb(120, 120, 120) color: inherit {o: http://localhost:8091/desktop, sv: 0.1.3, sdkn: @vercel/analytics, sdkv: 1.6.1, ts: 1786430139711} /_vercel/insights/view @ https://va.vercel-scripts.com/v1/script.debug.js:0
[   12845ms] [LOG] [Framer On-Page Editing] Unavailable because site is embedded in iframe @ https://framer.com/edit/init.mjs:33
[   14673ms] [LOG] page:view / @ https://www.brew.build/_astro/hoisted.DFiKD_U9.js:0
[   14686ms] [LOG] profileElement:  null @ https://www.brew.build/_astro/hoisted.DFiKD_U9.js:0
[   59920ms] [ERROR] [Vue warn]: Error in mounted hook: "ReferenceError: Waves is not defined"

found in

---> <Ribbons> at src/components/Ribbons.vue
       <Desktop>
         <Screen> at src/views/Screen.vue
           <App> at src/App.vue
             <Root> @ webpack-internal:///./node_modules/.pnpm/vue@2.7.16/node_modules/vue/dist/vue.runtime.esm.js:4661
[   59920ms] [ERROR] ReferenceError: Waves is not defined
    at VueComponent.createRibbons (webpack-internal:///./node_modules/.pnpm/cache-loader@4.1.0_webpack@4.47.0/node_modules/cache-loader/dist/cjs.js?!./node_modules/.pnpm/babel-loader@8.4.1_@babel+core@7.29.0_webpack@4.47.0/node_modules/babel-loader/lib/index.js!./node_modules/.pnpm/cache-loader@4.1.0_webpack@4.47.0/node_modules/cache-loader/dist/cjs.js?!./node_modules/.pnpm/vue-loader@15.11.1_@vue+compiler-sfc@3.5.31_cache-loader@4.1.0_webpack@4.47.0__css-load_96f0868f9f114531bdcfa48c322cb453/node_modules/vue-loader/lib/index.js?!./src/components/Ribbons.vue?vue&type=script&lang=js:42:7)
    at VueComponent.mounted (webpack-internal:///./node_modules/.pnpm/cache-loader@4.1.0_webpack@4.47.0/node_modules/cache-loader/dist/cjs.js?!./node_modules/.pnpm/babel-loader@8.4.1_@babel+core@7.29.0_webpack@4.47.0/node_modules/babel-loader/lib/index.js!./node_modules/.pnpm/cache-loader@4.1.0_webpack@4.47.0/node_modules/cache-loader/dist/cjs.js?!./node_modules/.pnpm/vue-loader@15.11.1_@vue+compiler-sfc@3.5.31_cache-loader@4.1.0_webpack@4.47.0__css-load_96f0868f9f114531bdcfa48c322cb453/node_modules/vue-loader/lib/index.js?!./src/components/Ribbons.vue?vue&type=script&lang=js:7:10)
    at invokeWithErrorHandling (webpack-internal:///./node_modules/.pnpm/vue@2.7.16/node_modules/vue/dist/vue.runtime.esm.js:3072:61)
    at callHook$1 (webpack-internal:///./node_modules/.pnpm/vue@2.7.16/node_modules/vue/dist/vue.runtime.esm.js:4087:13)
    at Object.insert (webpack-internal:///./node_modules/.pnpm/vue@2.7.16/node_modules/vue/dist/vue.runtime.esm.js:4480:13)
    at invokeInsertHook (webpack-internal:///./node_modules/.pnpm/vue@2.7.16/node_modules/vue/dist/vue.runtime.esm.js:6999:38)
    at VueComponent.patch [as __patch__] (webpack-internal:///./node_modules/.pnpm/vue@2.7.16/node_modules/vue/dist/vue.runtime.esm.js:7213:9)
    at Vue._update (webpack-internal:///./node_modules/.pnpm/vue@2.7.16/node_modules/vue/dist/vue.runtime.esm.js:3824:25)
    at VueComponent.updateComponent (webpack-internal:///./node_modules/.pnpm/vue@2.7.16/node_modules/vue/dist/vue.runtime.esm.js:3930:16)
    at Watcher.get (webpack-internal:///./node_modules/.pnpm/vue@2.7.16/node_modules/vue/dist/vue.runtime.esm.js:3501:33) @ webpack-internal:///./node_modules/.pnpm/vue@2.7.16/node_modules/vue/dist/vue.runtime.esm.js:3103
[   59921ms] [LOG] hostname [localhost] @ webpack-internal:///./node_modules/.pnpm/cache-loader@4.1.0_webpack@4.47.0/node_modules/cache-loader/dist/cjs.js?!./node_modules/.pnpm/babel-loader@8.4.1_@babel+core@7.29.0_webpack@4.47.0/node_modules/babel-loader/lib/index.js!./node_modules/.pnpm/cache-loader@4.1.0_webpack@4.47.0/node_modules/cache-loader/dist/cjs.js?!./node_modules/.pnpm/vue-loader@15.11.1_@vue+compiler-sfc@3.5.31_cache-loader@4.1.0_webpack@4.47.0__css-load_96f0868f9f114531bdcfa48c322cb453/node_modules/vue-loader/lib/index.js?!./src/components/desktop/Desktop.vue?vue&type=script&lang=js:194
[   59921ms] [LOG] subdomain null @ webpack-internal:///./node_modules/.pnpm/cache-loader@4.1.0_webpack@4.47.0/node_modules/cache-loader/dist/cjs.js?!./node_modules/.pnpm/babel-loader@8.4.1_@babel+core@7.29.0_webpack@4.47.0/node_modules/babel-loader/lib/index.js!./node_modules/.pnpm/cache-loader@4.1.0_webpack@4.47.0/node_modules/cache-loader/dist/cjs.js?!./node_modules/.pnpm/vue-loader@15.11.1_@vue+compiler-sfc@3.5.31_cache-loader@4.1.0_webpack@4.47.0__css-load_96f0868f9f114531bdcfa48c322cb453/node_modules/vue-loader/lib/index.js?!./src/components/desktop/Desktop.vue?vue&type=script&lang=js:196
[   59978ms] [LOG] [HMR] Reload all css @ webpack-internal:///./node_modules/.pnpm/mini-css-extract-plugin@0.9.0_webpack@4.47.0/node_modules/mini-css-extract-plugin/dist/hmr/hotModuleReplacement.js:204
[   59980ms] [LOG] [HMR] Reload all css @ webpack-internal:///./node_modules/.pnpm/mini-css-extract-plugin@0.9.0_webpack@4.47.0/node_modules/mini-css-extract-plugin/dist/hmr/hotModuleReplacement.js:204
[   59981ms] [LOG] [HMR] Reload all css @ webpack-internal:///./node_modules/.pnpm/mini-css-extract-plugin@0.9.0_webpack@4.47.0/node_modules/mini-css-extract-plugin/dist/hmr/hotModuleReplacement.js:204
[   59982ms] [LOG] [HMR] Reload all css @ webpack-internal:///./node_modules/.pnpm/mini-css-extract-plugin@0.9.0_webpack@4.47.0/node_modules/mini-css-extract-plugin/dist/hmr/hotModuleReplacement.js:204
[   59983ms] [LOG] [HMR] Reload all css @ webpack-internal:///./node_modules/.pnpm/mini-css-extract-plugin@0.9.0_webpack@4.47.0/node_modules/mini-css-extract-plugin/dist/hmr/hotModuleReplacement.js:204
[   59984ms] [LOG] [HMR] Reload all css @ webpack-internal:///./node_modules/.pnpm/mini-css-extract-plugin@0.9.0_webpack@4.47.0/node_modules/mini-css-extract-plugin/dist/hmr/hotModuleReplacement.js:204
[   59984ms] [LOG] [HMR] Reload all css @ webpack-internal:///./node_modules/.pnpm/mini-css-extract-plugin@0.9.0_webpack@4.47.0/node_modules/mini-css-extract-plugin/dist/hmr/hotModuleReplacement.js:204
[   59985ms] [LOG] [HMR] Reload all css @ webpack-internal:///./node_modules/.pnpm/mini-css-extract-plugin@0.9.0_webpack@4.47.0/node_modules/mini-css-extract-plugin/dist/hmr/hotModuleReplacement.js:204
[   59985ms] [LOG] [HMR] Reload all css @ webpack-internal:///./node_modules/.pnpm/mini-css-extract-plugin@0.9.0_webpack@4.47.0/node_modules/mini-css-extract-plugin/dist/hmr/hotModuleReplacement.js:204
[   59986ms] [LOG] [HMR] Reload all css @ webpack-internal:///./node_modules/.pnpm/mini-css-extract-plugin@0.9.0_webpack@4.47.0/node_modules/mini-css-extract-plugin/dist/hmr/hotModuleReplacement.js:204
[   59987ms] [LOG] [HMR] Reload all css @ webpack-internal:///./node_modules/.pnpm/mini-css-extract-plugin@0.9.0_webpack@4.47.0/node_modules/mini-css-extract-plugin/dist/hmr/hotModuleReplacement.js:204
[   59987ms] [LOG] [HMR] Reload all css @ webpack-internal:///./node_modules/.pnpm/mini-css-extract-plugin@0.9.0_webpack@4.47.0/node_modules/mini-css-extract-plugin/dist/hmr/hotModuleReplacement.js:204
[   59987ms] [LOG] [HMR] Reload all css @ webpack-internal:///./node_modules/.pnpm/mini-css-extract-plugin@0.9.0_webpack@4.47.0/node_modules/mini-css-extract-plugin/dist/hmr/hotModuleReplacement.js:204
[   59988ms] [LOG] [HMR] Reload all css @ webpack-internal:///./node_modules/.pnpm/mini-css-extract-plugin@0.9.0_webpack@4.47.0/node_modules/mini-css-extract-plugin/dist/hmr/hotModuleReplacement.js:204
[   59988ms] [LOG] [HMR] Reload all css @ webpack-internal:///./node_modules/.pnpm/mini-css-extract-plugin@0.9.0_webpack@4.47.0/node_modules/mini-css-extract-plugin/dist/hmr/hotModuleReplacement.js:204
[   59989ms] [LOG] [HMR] Reload all css @ webpack-internal:///./node_modules/.pnpm/mini-css-extract-plugin@0.9.0_webpack@4.47.0/node_modules/mini-css-extract-plugin/dist/hmr/hotModuleReplacement.js:204
[   59990ms] [LOG] [HMR] Reload all css @ webpack-internal:///./node_modules/.pnpm/mini-css-extract-plugin@0.9.0_webpack@4.47.0/node_modules/mini-css-extract-plugin/dist/hmr/hotModuleReplacement.js:204
[   59990ms] [LOG] [HMR] Reload all css @ webpack-internal:///./node_modules/.pnpm/mini-css-extract-plugin@0.9.0_webpack@4.47.0/node_modules/mini-css-extract-plugin/dist/hmr/hotModuleReplacement.js:204
[   59990ms] [LOG] [HMR] Reload all css @ webpack-internal:///./node_modules/.pnpm/mini-css-extract-plugin@0.9.0_webpack@4.47.0/node_modules/mini-css-extract-plugin/dist/hmr/hotModuleReplacement.js:204
[   60603ms] [LOG] page:view / @ https://www.brew.build/_astro/hoisted.DFiKD_U9.js:0
[   60621ms] [LOG] profileElement:  null @ https://www.brew.build/_astro/hoisted.DFiKD_U9.js:0
[   60788ms] [LOG] [Framer On-Page Editing] Unavailable because site is embedded in iframe @ https://framer.com/edit/init.mjs:33
